[16:58:38] [main/INFO] (FabricLoader/GameProvider) Loading Minecraft 1.21.11 with Fabric Loader 0.19.3
[16:58:38] [main/INFO] (FabricLoader) Loading 51 mods:
	- fabric-api 0.141.5+1.21.11
	- fabric-api-base 1.0.5+4ebb5c083e
	- fabric-api-lookup-api-v1 1.6.114+20dc27073e
	- fabric-biome-api-v1 17.1.1+4fc5413f3e
	- fabric-block-api-v1 1.1.10+4ebb5c083e
	- fabric-block-view-api-v2 1.0.39+4ebb5c083e
	- fabric-client-gametest-api-v1 4.3.5+bfe9fcf43e
	- fabric-command-api-v2 2.4.7+6b42a6003e
	- fabric-content-registries-v0 10.2.14+4fc5413f3e
	- fabric-convention-tags-v1 2.1.55+7f945d5b3e
	- fabric-convention-tags-v2 2.17.3+8ef948ba3e
	- fabric-crash-report-info-v1 0.3.23+4ebb5c083e
	- fabric-data-attachment-api-v1 1.8.48+eed0806f3e
	- fabric-data-generation-api-v1 23.5.0+88d7da613e
	- fabric-dimensions-v1 4.0.28+4fc5413f3e
	- fabric-entity-events-v1 3.1.1+1d0ab4303e
	- fabric-events-interaction-v0 4.1.1+3b89ecf63e
	- fabric-game-rule-api-v1 2.0.3+4fc5413f3e
	- fabric-gametest-api-v1 3.1.27+4fc5413f3e
	- fabric-item-api-v1 11.5.20+d0c46b9e3e
	- fabric-item-group-api-v1 4.2.36+4fc5413f3e
	- fabric-key-binding-api-v1 1.1.7+4fc5413f3e
	- fabric-lifecycle-events-v1 2.6.15+4ebb5c083e
	- fabric-loot-api-v2 3.0.73+3f89f5a53e
	- fabric-loot-api-v3 2.0.20+78c8b4663e
	- fabric-message-api-v1 6.1.12+4ebb5c083e
	- fabric-model-loading-api-v1 6.0.15+4fc5413f3e
	- fabric-networking-api-v1 5.1.6+6b6d71a53e
	- fabric-object-builder-api-v1 21.1.40+4fc5413f3e
	- fabric-particles-v1 4.2.12+4fc5413f3e
	- fabric-recipe-api-v1 8.2.4+4ebb5c083e
	- fabric-registry-sync-v0 6.2.6+1718722b3e
	- fabric-renderer-api-v1 8.0.3+f4ffd2e53e
	- fabric-renderer-indigo 5.0.3+f4ffd2e53e
	- fabric-rendering-fluids-v1 3.1.43+4ebb5c083e
	- fabric-rendering-v1 16.2.10+0290ad933e
	- fabric-resource-conditions-api-v1 5.0.35+4fc5413f3e
	- fabric-resource-loader-v0 3.3.4+4fc5413f3e
	- fabric-resource-loader-v1 1.0.10+78c8b4663e
	- fabric-screen-api-v1 3.1.7+4ebb5c083e
	- fabric-screen-handler-api-v1 1.3.162+4fc5413f3e
	- fabric-serialization-api-v1 1.0.5+4ebb5c083e
	- fabric-sound-api-v1 1.0.51+4fc5413f3e
	- fabric-tag-api-v1 1.3.0+88d7da613e
	- fabric-transfer-api-v1 6.0.25+4fc5413f3e
	- fabric-transitive-access-wideners-v1 7.1.0+014c8cec3e
	- fabricloader 0.19.3
	- java 21
	- minecraft 1.21.11
	- mixinextras 0.5.4
	- nekkycommandmakerclient 4.0.0-rc.1
[16:58:39] [main/INFO] (FabricLoader/Mixin) SpongePowered MIXIN Subsystem Version=0.8.7 Source=file:/C:/Users/adam/.gradle/caches/modules-2/files-2.1/net.fabricmc/sponge-mixin/0.17.3+mixin.0.8.7/41c4a3984a80f4679e759fb9f495587acc5cdac7/sponge-mixin-0.17.3+mixin.0.8.7.jar Service=Knot/Fabric Env=CLIENT
[16:58:39] [main/INFO] (FabricLoader/Mixin) Loaded Fabric development mappings for mixin remapper!
[16:58:39] [main/INFO] (FabricLoader/Mixin) Compatibility level set to JAVA_21
[16:58:43] [main/INFO] (FabricLoader/MixinExtras|Service) Initializing MixinExtras via com.llamalad7.mixinextras.service.MixinExtrasServiceImpl(version=0.5.4).
[16:58:48] [Datafixer Bootstrap/INFO] (Minecraft) 287 Datafixer optimizations took 3452 milliseconds
[16:59:02] [Render thread/INFO] (Minecraft) Environment: Environment[sessionHost=https://sessionserver.mojang.com, servicesHost=https://api.minecraftservices.com, profilesHost=https://api.mojang.com, name=PROD]
[16:59:02] [Render thread/INFO] (Minecraft) Setting user: Player585
[16:59:03] [Download-2/ERROR] (Minecraft) Failed to fetch user properties
com.mojang.authlib.exceptions.InvalidCredentialsException: Status: 401
	at knot//com.mojang.authlib.exceptions.MinecraftClientHttpException.toAuthenticationException(MinecraftClientHttpException.java:59)
	at knot//com.mojang.authlib.yggdrasil.YggdrasilUserApiService.fetchProperties(YggdrasilUserApiService.java:150)
	at knot//net.minecraft.client.MinecraftClient.method_55608(MinecraftClient.java:457)
	at java.base/java.util.concurrent.CompletableFuture$AsyncSupply.run(CompletableFuture.java:1768)
	at java.base/java.util.concurrent.ThreadPoolExecutor.runWorker(ThreadPoolExecutor.java:1144)
	at java.base/java.util.concurrent.ThreadPoolExecutor$Worker.run(ThreadPoolExecutor.java:642)
	at java.base/java.lang.Thread.run(Thread.java:1583)
Caused by: com.mojang.authlib.exceptions.MinecraftClientHttpException: Status: 401
	at knot//com.mojang.authlib.minecraft.client.MinecraftClient.readInputStream(MinecraftClient.java:103)
	at knot//com.mojang.authlib.minecraft.client.MinecraftClient.get(MinecraftClient.java:56)
	at knot//com.mojang.authlib.yggdrasil.YggdrasilUserApiService.fetchProperties(YggdrasilUserApiService.java:121)
	... 5 more
[16:59:03] [Render thread/INFO] (cmdmakerclient) Loaded 3 aliases from JSON config
[16:59:03] [Render thread/INFO] (cmdmakerclient) Auto-loaded 2 function aliases from Functions folder
[16:59:03] [Render thread/INFO] (cmdmaker) Loaded custom syntax: tpa -> /tpa <player>
[16:59:03] [Render thread/INFO] (cmdmaker) Loaded custom syntax: give -> /give <item> <amount>
[16:59:03] [Render thread/INFO] (cmdmaker) Loaded custom syntax: msg -> /msg <player> <message>
[16:59:03] [Render thread/INFO] (cmdmakerclient) CMDMaker Client mod initialized! (v3.2.1)
[16:59:03] [Render thread/INFO] (Indigo) [Indigo] Registering Indigo renderer!
[16:59:03] [CM-Client-UpdateChecker/INFO] (cmdmakerclient) Update available: 4.0.0-beta.3 (current: 4.0.0-rc.1)
[16:59:04] [Render thread/INFO] (Minecraft) Backend library: LWJGL version 3.3.3-snapshot
[16:59:06] [Render thread/INFO] (Minecraft) Using optional rendering extensions: GL_ARB_buffer_storage, GL_KHR_debug, GL_ARB_vertex_attrib_binding, GL_ARB_direct_state_access, GL_EXT_texture_filter_anisotropic
[16:59:08] [Download-2/INFO] (Minecraft) Could not authorize you against Realms server: java.lang.RuntimeException: Failed to parse into SignedJWT: FabricMC
[16:59:08] [Download-2/ERROR] (Minecraft) Failed to fetch Realms feature flags
net.minecraft.client.realms.exception.RealmsServiceException: Realms authentication error with message 'java.lang.RuntimeException: Failed to parse into SignedJWT: FabricMC'
	at knot//net.minecraft.client.realms.RealmsClient.execute(RealmsClient.java:526)
	at knot//net.minecraft.client.realms.RealmsClient.fetchFeatureFlags(RealmsClient.java:186)
	at java.base/java.util.concurrent.CompletableFuture$AsyncSupply.run(CompletableFuture.java:1768)
	at java.base/java.util.concurrent.ThreadPoolExecutor.runWorker(ThreadPoolExecutor.java:1144)
	at java.base/java.util.concurrent.ThreadPoolExecutor$Worker.run(ThreadPoolExecutor.java:642)
	at java.base/java.lang.Thread.run(Thread.java:1583)
[16:59:08] [Render thread/INFO] (Minecraft) Reloading ResourceManager: vanilla, fabric-api, fabric-api-base, fabric-api-lookup-api-v1, fabric-biome-api-v1, fabric-block-api-v1, fabric-block-view-api-v2, fabric-client-gametest-api-v1, fabric-command-api-v2, fabric-content-registries-v0, fabric-convention-tags-v1, fabric-convention-tags-v2, fabric-crash-report-info-v1, fabric-data-attachment-api-v1, fabric-data-generation-api-v1, fabric-dimensions-v1, fabric-entity-events-v1, fabric-events-interaction-v0, fabric-game-rule-api-v1, fabric-gametest-api-v1, fabric-item-api-v1, fabric-item-group-api-v1, fabric-key-binding-api-v1, fabric-lifecycle-events-v1, fabric-loot-api-v2, fabric-loot-api-v3, fabric-message-api-v1, fabric-model-loading-api-v1, fabric-networking-api-v1, fabric-object-builder-api-v1, fabric-particles-v1, fabric-recipe-api-v1, fabric-registry-sync-v0, fabric-renderer-api-v1, fabric-renderer-indigo, fabric-rendering-fluids-v1, fabric-rendering-v1, fabric-resource-conditions-api-v1, fabric-resource-loader-v0, fabric-resource-loader-v1, fabric-screen-api-v1, fabric-screen-handler-api-v1, fabric-serialization-api-v1, fabric-sound-api-v1, fabric-tag-api-v1, fabric-transfer-api-v1, fabric-transitive-access-wideners-v1, fabricloader, nekkycommandmakerclient
[16:59:09] [Worker-Main-4/INFO] (Minecraft) Found unifont_all_no_pua-17.0.01.hex, loading
[16:59:09] [Worker-Main-7/INFO] (Minecraft) Found unifont_pua-17.0.01.hex, loading
[16:59:09] [Worker-Main-4/INFO] (Minecraft) Found unifont_jp_patch-17.0.01.hex, loading
[16:59:12] [Render thread/INFO] (Minecraft) OpenAL initialized on device OpenAL Soft on Speaker (Logi Z207)
[16:59:12] [Render thread/INFO] (Minecraft) Sound engine started
[16:59:12] [Render thread/INFO] (Minecraft) Created: 512x256x0 minecraft:textures/atlas/particles.png-atlas
[16:59:12] [Render thread/INFO] (Minecraft) Created: 128x128x0 minecraft:textures/atlas/decorated_pot.png-atlas
[16:59:12] [Render thread/INFO] (Minecraft) Created: 2048x1024x0 minecraft:textures/atlas/armor_trims.png-atlas
[16:59:12] [Render thread/INFO] (Minecraft) Created: 512x256x0 minecraft:textures/atlas/paintings.png-atlas
[16:59:12] [Render thread/INFO] (Minecraft) Created: 1024x512x0 minecraft:textures/atlas/shield_patterns.png-atlas
[16:59:12] [Render thread/INFO] (Minecraft) Created: 2048x2048x4 minecraft:textures/atlas/blocks.png-atlas
[16:59:12] [Render thread/INFO] (Minecraft) Created: 512x512x0 minecraft:textures/atlas/chest.png-atlas
[16:59:12] [Render thread/INFO] (Minecraft) Created: 256x128x0 minecraft:textures/atlas/celestials.png-atlas
[16:59:12] [Render thread/INFO] (Minecraft) Created: 1024x512x0 minecraft:textures/atlas/banner_patterns.png-atlas
[16:59:12] [Render thread/INFO] (Minecraft) Created: 512x512x0 minecraft:textures/atlas/beds.png-atlas
[16:59:12] [Render thread/INFO] (Minecraft) Created: 1024x512x0 minecraft:textures/atlas/items.png-atlas
[16:59:12] [Render thread/INFO] (Minecraft) Created: 1024x1024x0 minecraft:textures/atlas/gui.png-atlas
[16:59:12] [Render thread/INFO] (Minecraft) Created: 128x64x0 minecraft:textures/atlas/map_decorations.png-atlas
[16:59:12] [Render thread/INFO] (Minecraft) Created: 512x256x0 minecraft:textures/atlas/signs.png-atlas
[16:59:12] [Render thread/INFO] (Minecraft) Created: 512x512x0 minecraft:textures/atlas/shulker_boxes.png-atlas
[16:59:14] [IO-Worker-1/INFO] (Minecraft) Could not authorize you against Realms server: java.lang.RuntimeException: Failed to parse into SignedJWT: FabricMC
[16:59:14] [IO-Worker-1/ERROR] (Minecraft) Couldn't connect to realms
net.minecraft.client.realms.exception.RealmsServiceException: Realms authentication error with message 'java.lang.RuntimeException: Failed to parse into SignedJWT: FabricMC'
	at knot//net.minecraft.client.realms.RealmsClient.execute(RealmsClient.java:526)
	at knot//net.minecraft.client.realms.RealmsClient.clientCompatible(RealmsClient.java:307)
	at knot//net.minecraft.client.realms.RealmsAvailability.method_52627(RealmsAvailability.java:48)
	at java.base/java.util.concurrent.CompletableFuture$AsyncSupply.run(CompletableFuture.java:1768)
	at java.base/java.util.concurrent.ThreadPoolExecutor.runWorker(ThreadPoolExecutor.java:1144)
	at java.base/java.util.concurrent.ThreadPoolExecutor$Worker.run(ThreadPoolExecutor.java:642)
	at java.base/java.lang.Thread.run(Thread.java:1583)
[16:59:26] [Render thread/INFO] (Minecraft) Loaded 1470 recipes
[16:59:26] [Render thread/INFO] (Minecraft) Loaded 1584 advancements
[16:59:26] [Render thread/INFO] (BiomeModificationImpl) Applied 0 biome modifications to 0 of 65 new biomes in 3.477 ms
[16:59:26] [Server thread/INFO] (Minecraft) Starting integrated minecraft server version 1.21.11
[16:59:26] [Server thread/INFO] (Minecraft) Generating keypair
[16:59:27] [Server thread/INFO] (Minecraft) Loading 0 persistent chunks...
[16:59:27] [Server thread/INFO] (Minecraft) Preparing spawn area: 16%
[16:59:28] [Server thread/INFO] (Minecraft) Loading 49 chunks for player spawn...
[16:59:28] [Server thread/INFO] (Minecraft) Preparing spawn area: 16%
[16:59:28] [Server thread/INFO] (Minecraft) Preparing spawn area: 16%
[16:59:29] [Server thread/INFO] (Minecraft) Preparing spawn area: 44%
[16:59:29] [Server thread/INFO] (Minecraft) Time elapsed: 1714 ms
[16:59:29] [Server thread/INFO] (Minecraft) Player585[local:E:78f08b3f] logged in with entity id 104 at (91.33134291171666, 68.0, 43.60384263422863)
[16:59:29] [Server thread/INFO] (Minecraft) Player585 joined the game
[16:59:30] [Render thread/WARN] (ClientCommandInternals) Ambiguity between arguments [cmd, function, create] and [cmd, function, functionName] with inputs: [create]
[16:59:30] [Render thread/WARN] (ClientCommandInternals) Ambiguity between arguments [cmd, function, delete] and [cmd, function, functionName] with inputs: [delete]
[16:59:30] [Render thread/INFO] (Minecraft) Loaded 3 advancements
[16:59:30] [Server thread/INFO] (Minecraft) Changing view distance to 12, from 10
[16:59:30] [Server thread/INFO] (Minecraft) Changing simulation distance to 12, from 0
[16:59:30] [Render thread/INFO] (Minecraft) Resizing Dynamic Transforms UBO, capacity limit of 2 reached during a single frame. New capacity will be 4.
[16:59:30] [Render thread/INFO] (Minecraft) Resizing Dynamic Transforms UBO, capacity limit of 4 reached during a single frame. New capacity will be 8.
[16:59:30] [Render thread/INFO] (Minecraft) Resizing Chunk Sections UBO, capacity limit of 2 reached during a single frame. New capacity will be 8.
[16:59:30] [Render thread/INFO] (Minecraft) Resizing Chunk Sections UBO, capacity limit of 8 reached during a single frame. New capacity will be 16.
[16:59:30] [Render thread/INFO] (Minecraft) Resizing Chunk Sections UBO, capacity limit of 16 reached during a single frame. New capacity will be 32.
[16:59:31] [Render thread/INFO] (Minecraft) Resizing Chunk Sections UBO, capacity limit of 32 reached during a single frame. New capacity will be 64.
[16:59:31] [Render thread/INFO] (Minecraft) Resizing Chunk Sections UBO, capacity limit of 64 reached during a single frame. New capacity will be 128.
[16:59:32] [Render thread/INFO] (Minecraft) Resizing Chunk Sections UBO, capacity limit of 128 reached during a single frame. New capacity will be 256.
[16:59:33] [Render thread/INFO] (Minecraft) Resizing Chunk Sections UBO, capacity limit of 256 reached during a single frame. New capacity will be 512.
[16:59:37] [Render thread/INFO] (Minecraft) Resizing Chunk Sections UBO, capacity limit of 512 reached during a single frame. New capacity will be 1024.
[16:59:39] [Render thread/INFO] (Minecraft) [System] [CHAT] §cAlias '§fhello§c' already exists. Use /cmd del hello first.
[16:59:44] [Server thread/INFO] (Minecraft) [Not Secure] <Player585> /poop
[16:59:44] [Render thread/INFO] (Minecraft) [CHAT] <Player585> /poop
[17:00:03] [Render thread/INFO] (Minecraft) [System] [CHAT] §6Added alias: §f/person §7-> §fsummon sheep
[17:00:07] [Server thread/INFO] (Minecraft) [Not Secure] <Player585> /summon sheep
[17:00:07] [Render thread/INFO] (Minecraft) [CHAT] <Player585> /summon sheep
[17:00:10] [Server thread/INFO] (Minecraft) Saving and pausing game...
[17:00:10] [Server thread/INFO] (Minecraft) Saving chunks for level 'ServerLevel[CommandMaker Test World]'/minecraft:overworld
[17:00:10] [Server thread/INFO] (Minecraft) Saving chunks for level 'ServerLevel[CommandMaker Test World]'/minecraft:the_end
[17:00:10] [Server thread/INFO] (Minecraft) Saving chunks for level 'ServerLevel[CommandMaker Test World]'/minecraft:the_nether
[17:00:12] [Render thread/INFO] (Minecraft) Stopping!
[17:00:12] [Server thread/INFO] (Minecraft) Player585 lost connection: Disconnected
[17:00:12] [Server thread/INFO] (Minecraft) Player585 left the game
[17:00:12] [Server thread/INFO] (Minecraft) Stopping singleplayer server as player logged out
[17:00:12] [Server thread/INFO] (Minecraft) Stopping server
[17:00:12] [Server thread/INFO] (Minecraft) Saving players
[17:00:12] [Server thread/INFO] (Minecraft) Saving worlds
[17:00:12] [Server thread/INFO] (Minecraft) Saving chunks for level 'ServerLevel[CommandMaker Test World]'/minecraft:overworld
[17:00:12] [Server thread/INFO] (Minecraft) Saving chunks for level 'ServerLevel[CommandMaker Test World]'/minecraft:the_end
[17:00:12] [Server thread/INFO] (Minecraft) Saving chunks for level 'ServerLevel[CommandMaker Test World]'/minecraft:the_nether
[17:00:12] [Server thread/INFO] (Minecraft) ThreadedAnvilChunkStorage (CommandMaker Test World): All chunks are saved
[17:00:12] [Server thread/INFO] (Minecraft) ThreadedAnvilChunkStorage (DIM1): All chunks are saved
[17:00:12] [Server thread/INFO] (Minecraft) ThreadedAnvilChunkStorage (DIM-1): All chunks are saved
[17:00:12] [Server thread/INFO] (Minecraft) ThreadedAnvilChunkStorage: All dimensions are saved
